Removed Parameter Arrow Part Number:53261-0671 from Part J2
Removed Parameter Arrow Part Number:53261-0671 from Part J3
Removed Parameter Arrow Part Number:53261-0671 from Part J5
Removed Parameter Arrow Part Number:* from Part D5
Removed Parameter Arrow Part Number:* from Part D7
Removed Parameter Arrow Part Number:* from Part D11
Removed Parameter Arrow Part Number:* from Part J1
Removed Parameter Arrow Part Number:* from Part J4
Removed Parameter Arrow Part Number:RCLAMP3354S.TCT from Part D4
Removed Parameter Arrow Part Number:RCLAMP3354S.TCT from Part D6
Removed Parameter Arrow Part Number:RCLAMP3354S.TCT from Part D8
Removed Parameter Arrow Part Number:RCLAMP3354S.TCT from Part D9
Removed Parameter Arrow Part Number:ZMM33B from Part D10
Removed Parameter Arrow Price/Stock:* from Part D5
Removed Parameter Arrow Price/Stock:* from Part D7
Removed Parameter Arrow Price/Stock:* from Part D11
Removed Parameter Arrow Price/Stock:* from Part J1
Removed Parameter Arrow Price/Stock:* from Part J4
Removed Parameter Arrow Price/Stock:https://www.arrow.com/en/products/53261-0671/molex?region=nac from Part J2
Removed Parameter Arrow Price/Stock:https://www.arrow.com/en/products/53261-0671/molex?region=nac from Part J3
Removed Parameter Arrow Price/Stock:https://www.arrow.com/en/products/53261-0671/molex?region=nac from Part J5
Removed Parameter Arrow Price/Stock:https://www.arrow.com/en/products/rclamp3354s.tct/semtech?utm_currency=USD&region=europe from Part D4
Removed Parameter Arrow Price/Stock:https://www.arrow.com/en/products/rclamp3354s.tct/semtech?utm_currency=USD&region=europe from Part D6
Removed Parameter Arrow Price/Stock:https://www.arrow.com/en/products/rclamp3354s.tct/semtech?utm_currency=USD&region=europe from Part D8
Removed Parameter Arrow Price/Stock:https://www.arrow.com/en/products/rclamp3354s.tct/semtech?utm_currency=USD&region=europe from Part D9
Removed Parameter Arrow Price/Stock:https://www.arrow.com/en/products/zmm33b/diotec-semiconductor-ag?utm_currency=USD&region=nac from Part D10
Added Parameter Manufacturer_Name=JST to Part P1
