Replace Part C1 Capacitor_MLLC in C:\Users\arekr\OneDrive\Pulpit\Github\Quadcopter_Full_Implementation\Hardware\Electronics\Altium_Quadcopter_Projects\Quadcopter_Main_PCB\Power.SchDoc with Capacitor_MLLC from Capacitors_SMD.IntLib
Replace Part C2 Capacitor_MLLC in C:\Users\arekr\OneDrive\Pulpit\Github\Quadcopter_Full_Implementation\Hardware\Electronics\Altium_Quadcopter_Projects\Quadcopter_Main_PCB\Power.SchDoc with Capacitor_MLLC from Capacitors_SMD.IntLib
Replace Part C3 Capacitor_MLLC in C:\Users\arekr\OneDrive\Pulpit\Github\Quadcopter_Full_Implementation\Hardware\Electronics\Altium_Quadcopter_Projects\Quadcopter_Main_PCB\Power.SchDoc with Capacitor_MLLC from Capacitors_SMD.IntLib
Replace Part C4 Capacitor_MLLC in C:\Users\arekr\OneDrive\Pulpit\Github\Quadcopter_Full_Implementation\Hardware\Electronics\Altium_Quadcopter_Projects\Quadcopter_Main_PCB\Power.SchDoc with Capacitor_MLLC from Capacitors_SMD.IntLib
Update Managed Component C5 From CMP-03913-54202496-2[100uF] To CMP-03913-54202496-2[865080545012] in Power.SchDoc
Replace Part C6 Capacitor_MLLC in C:\Users\arekr\OneDrive\Pulpit\Github\Quadcopter_Full_Implementation\Hardware\Electronics\Altium_Quadcopter_Projects\Quadcopter_Main_PCB\Power.SchDoc with Capacitor_MLLC from Capacitors_SMD.IntLib
Replace Part D1 SMAJ12CA-HP6AT_13 in C:\Users\arekr\OneDrive\Pulpit\Github\Quadcopter_Full_Implementation\Hardware\Electronics\Altium_Quadcopter_Projects\Quadcopter_Main_PCB\Power.SchDoc with SMAJ12CA-HP6AT_13 from SMAJ12CA-HP6AT_13.IntLib
Replace Part D2 SMAJ12CA-HP6AT_13 in C:\Users\arekr\OneDrive\Pulpit\Github\Quadcopter_Full_Implementation\Hardware\Electronics\Altium_Quadcopter_Projects\Quadcopter_Main_PCB\Power.SchDoc with SMAJ12CA-HP6AT_13 from SMAJ12CA-HP6AT_13.IntLib
Replace Part D3 ZMM33B in C:\Users\arekr\OneDrive\Pulpit\Github\Quadcopter_Full_Implementation\Hardware\Electronics\Altium_Quadcopter_Projects\Quadcopter_Main_PCB\Power.SchDoc with ZMM33B from ZMM33B.IntLib
Replace Part F1 0603L100SLYR in C:\Users\arekr\OneDrive\Pulpit\Github\Quadcopter_Full_Implementation\Hardware\Electronics\Altium_Quadcopter_Projects\Quadcopter_Main_PCB\Power.SchDoc with 0603L100SLYR from 0603L100SLYR.IntLib
Update Managed Component L1 From CMP-02424-000385-1[22uH 8282] To CMP-02424-000385-1[IHLP3232DZER220M51] in Power.SchDoc
Replace Part Q1 DMP3056LSS-13 in C:\Users\arekr\OneDrive\Pulpit\Github\Quadcopter_Full_Implementation\Hardware\Electronics\Altium_Quadcopter_Projects\Quadcopter_Main_PCB\Power.SchDoc with DMP3056LSS-13 from DMP3056LSS_13.IntLib
Replace Part Q2 DMP3056LSS-13 in C:\Users\arekr\OneDrive\Pulpit\Github\Quadcopter_Full_Implementation\Hardware\Electronics\Altium_Quadcopter_Projects\Quadcopter_Main_PCB\Power.SchDoc with DMP3056LSS-13 from DMP3056LSS_13.IntLib
Replace Part R1 Resistor_SMD in C:\Users\arekr\OneDrive\Pulpit\Github\Quadcopter_Full_Implementation\Hardware\Electronics\Altium_Quadcopter_Projects\Quadcopter_Main_PCB\Power.SchDoc with Resistor_SMD from Resistors_SMD.IntLib
Replace Part R2 Resistor_SMD in C:\Users\arekr\OneDrive\Pulpit\Github\Quadcopter_Full_Implementation\Hardware\Electronics\Altium_Quadcopter_Projects\Quadcopter_Main_PCB\Power.SchDoc with Resistor_SMD from Resistors_SMD.IntLib
Replace Part R3 Resistor_SMD in C:\Users\arekr\OneDrive\Pulpit\Github\Quadcopter_Full_Implementation\Hardware\Electronics\Altium_Quadcopter_Projects\Quadcopter_Main_PCB\Power.SchDoc with Resistor_SMD from Resistors_SMD.IntLib
Replace Part R4 Resistor_SMD in C:\Users\arekr\OneDrive\Pulpit\Github\Quadcopter_Full_Implementation\Hardware\Electronics\Altium_Quadcopter_Projects\Quadcopter_Main_PCB\Power.SchDoc with Resistor_SMD from Resistors_SMD.IntLib
Replace Part R5 Resistor_SMD in C:\Users\arekr\OneDrive\Pulpit\Github\Quadcopter_Full_Implementation\Hardware\Electronics\Altium_Quadcopter_Projects\Quadcopter_Main_PCB\Power.SchDoc with Resistor_SMD from Resistors_SMD.IntLib
Replace Part R6 Resistor_SMD in C:\Users\arekr\OneDrive\Pulpit\Github\Quadcopter_Full_Implementation\Hardware\Electronics\Altium_Quadcopter_Projects\Quadcopter_Main_PCB\Power.SchDoc with Resistor_SMD from Resistors_SMD.IntLib
Replace Part R7 Resistor_SMD in C:\Users\arekr\OneDrive\Pulpit\Github\Quadcopter_Full_Implementation\Hardware\Electronics\Altium_Quadcopter_Projects\Quadcopter_Main_PCB\Power.SchDoc with Resistor_SMD from Resistors_SMD.IntLib
Replace Part R8 Resistor_SMD in C:\Users\arekr\OneDrive\Pulpit\Github\Quadcopter_Full_Implementation\Hardware\Electronics\Altium_Quadcopter_Projects\Quadcopter_Main_PCB\Power.SchDoc with Resistor_SMD from Resistors_SMD.IntLib
Replace Part R9 Resistor_SMD in C:\Users\arekr\OneDrive\Pulpit\Github\Quadcopter_Full_Implementation\Hardware\Electronics\Altium_Quadcopter_Projects\Quadcopter_Main_PCB\Power.SchDoc with Resistor_SMD from Resistors_SMD.IntLib
Update Managed Component U1 From CMP-00572-88255842-3[ISL85410FRZ-T] To CMP-00572-88255842-3[ISL85410FRZ-T] in Power.SchDoc
Replace Part U2 STEF4SPUR in C:\Users\arekr\OneDrive\Pulpit\Github\Quadcopter_Full_Implementation\Hardware\Electronics\Altium_Quadcopter_Projects\Quadcopter_Main_PCB\Power.SchDoc with STEF4SPUR from STEF4SPUR.IntLib
