Replace Symbol from C1 Capacitor_MLLC in C:\Users\arekr\OneDrive\Pulpit\Github\Quadcopter_Full_Implementation\Hardware\Electronics\Altium_Quadcopter_Projects\Quadcopter_Main_PCB\Power.SchDoc with Capacitor_MLLC from Capacitors_SMD.IntLib
Replace Symbol from C2 Capacitor_MLLC in C:\Users\arekr\OneDrive\Pulpit\Github\Quadcopter_Full_Implementation\Hardware\Electronics\Altium_Quadcopter_Projects\Quadcopter_Main_PCB\Power.SchDoc with Capacitor_MLLC from Capacitors_SMD.IntLib
Replace Symbol from C3 Capacitor_MLLC in C:\Users\arekr\OneDrive\Pulpit\Github\Quadcopter_Full_Implementation\Hardware\Electronics\Altium_Quadcopter_Projects\Quadcopter_Main_PCB\Power.SchDoc with Capacitor_MLLC from Capacitors_SMD.IntLib
Replace Symbol from C4 Capacitor_MLLC in C:\Users\arekr\OneDrive\Pulpit\Github\Quadcopter_Full_Implementation\Hardware\Electronics\Altium_Quadcopter_Projects\Quadcopter_Main_PCB\Power.SchDoc with Capacitor_MLLC from Capacitors_SMD.IntLib
Replace Symbol from C5 Capacitor_Polarized in C:\Users\arekr\OneDrive\Pulpit\Github\Quadcopter_Full_Implementation\Hardware\Electronics\Altium_Quadcopter_Projects\Quadcopter_Main_PCB\Power.SchDoc with Capacitor_Polarized from Altium Content Vault
Replace Symbol from C6 Capacitor_MLLC in C:\Users\arekr\OneDrive\Pulpit\Github\Quadcopter_Full_Implementation\Hardware\Electronics\Altium_Quadcopter_Projects\Quadcopter_Main_PCB\Power.SchDoc with Capacitor_MLLC from Capacitors_SMD.IntLib
Replace Symbol from D1 SMAJ12CA-HP6AT_13 in C:\Users\arekr\OneDrive\Pulpit\Github\Quadcopter_Full_Implementation\Hardware\Electronics\Altium_Quadcopter_Projects\Quadcopter_Main_PCB\Power.SchDoc with SMAJ12CA-HP6AT_13 from SMAJ12CA-HP6AT_13.IntLib
Replace Symbol from D2 SMAJ12CA-HP6AT_13 in C:\Users\arekr\OneDrive\Pulpit\Github\Quadcopter_Full_Implementation\Hardware\Electronics\Altium_Quadcopter_Projects\Quadcopter_Main_PCB\Power.SchDoc with SMAJ12CA-HP6AT_13 from SMAJ12CA-HP6AT_13.IntLib
Replace Symbol from D3 ZMM33B in C:\Users\arekr\OneDrive\Pulpit\Github\Quadcopter_Full_Implementation\Hardware\Electronics\Altium_Quadcopter_Projects\Quadcopter_Main_PCB\Power.SchDoc with ZMM33B from ZMM33B.IntLib
Replace Symbol from F1 0603L100SLYR in C:\Users\arekr\OneDrive\Pulpit\Github\Quadcopter_Full_Implementation\Hardware\Electronics\Altium_Quadcopter_Projects\Quadcopter_Main_PCB\Power.SchDoc with 0603L100SLYR from 0603L100SLYR.IntLib
Replace Symbol from L1 725321dda6339637d4d059423bc1c3c in C:\Users\arekr\OneDrive\Pulpit\Github\Quadcopter_Full_Implementation\Hardware\Electronics\Altium_Quadcopter_Projects\Quadcopter_Main_PCB\Power.SchDoc with 725321dda6339637d4d059423bc1c3c from Altium Content Vault
Replace Symbol from R1 Resistor_SMD in C:\Users\arekr\OneDrive\Pulpit\Github\Quadcopter_Full_Implementation\Hardware\Electronics\Altium_Quadcopter_Projects\Quadcopter_Main_PCB\Power.SchDoc with Resistor_SMD from Resistors_SMD.IntLib
Replace Symbol from R2 Resistor_SMD in C:\Users\arekr\OneDrive\Pulpit\Github\Quadcopter_Full_Implementation\Hardware\Electronics\Altium_Quadcopter_Projects\Quadcopter_Main_PCB\Power.SchDoc with Resistor_SMD from Resistors_SMD.IntLib
Replace Symbol from R3 Resistor_SMD in C:\Users\arekr\OneDrive\Pulpit\Github\Quadcopter_Full_Implementation\Hardware\Electronics\Altium_Quadcopter_Projects\Quadcopter_Main_PCB\Power.SchDoc with Resistor_SMD from Resistors_SMD.IntLib
Replace Symbol from R4 Resistor_SMD in C:\Users\arekr\OneDrive\Pulpit\Github\Quadcopter_Full_Implementation\Hardware\Electronics\Altium_Quadcopter_Projects\Quadcopter_Main_PCB\Power.SchDoc with Resistor_SMD from Resistors_SMD.IntLib
Replace Symbol from R5 Resistor_SMD in C:\Users\arekr\OneDrive\Pulpit\Github\Quadcopter_Full_Implementation\Hardware\Electronics\Altium_Quadcopter_Projects\Quadcopter_Main_PCB\Power.SchDoc with Resistor_SMD from Resistors_SMD.IntLib
Replace Symbol from R6 Resistor_SMD in C:\Users\arekr\OneDrive\Pulpit\Github\Quadcopter_Full_Implementation\Hardware\Electronics\Altium_Quadcopter_Projects\Quadcopter_Main_PCB\Power.SchDoc with Resistor_SMD from Resistors_SMD.IntLib
Replace Symbol from R7 Resistor_SMD in C:\Users\arekr\OneDrive\Pulpit\Github\Quadcopter_Full_Implementation\Hardware\Electronics\Altium_Quadcopter_Projects\Quadcopter_Main_PCB\Power.SchDoc with Resistor_SMD from Resistors_SMD.IntLib
Replace Symbol from R8 Resistor_SMD in C:\Users\arekr\OneDrive\Pulpit\Github\Quadcopter_Full_Implementation\Hardware\Electronics\Altium_Quadcopter_Projects\Quadcopter_Main_PCB\Power.SchDoc with Resistor_SMD from Resistors_SMD.IntLib
Replace Symbol from R9 Resistor_SMD in C:\Users\arekr\OneDrive\Pulpit\Github\Quadcopter_Full_Implementation\Hardware\Electronics\Altium_Quadcopter_Projects\Quadcopter_Main_PCB\Power.SchDoc with Resistor_SMD from Resistors_SMD.IntLib
Replace Symbol from U1 27339be89be241b5cf71551e81944d9 in C:\Users\arekr\OneDrive\Pulpit\Github\Quadcopter_Full_Implementation\Hardware\Electronics\Altium_Quadcopter_Projects\Quadcopter_Main_PCB\Power.SchDoc with 27339be89be241b5cf71551e81944d9 from Altium Content Vault
Replace Symbol from U2 STEF4SPUR in C:\Users\arekr\OneDrive\Pulpit\Github\Quadcopter_Full_Implementation\Hardware\Electronics\Altium_Quadcopter_Projects\Quadcopter_Main_PCB\Power.SchDoc with STEF4SPUR from STEF4SPUR.IntLib
Replace Symbol from U3 DMP3056LSS-13 in C:\Users\arekr\OneDrive\Pulpit\Github\Quadcopter_Full_Implementation\Hardware\Electronics\Altium_Quadcopter_Projects\Quadcopter_Main_PCB\Power.SchDoc with DMP3056LSS-13 from DMP3056LSS_13.IntLib
Replace Symbol from U4 DMP3056LSS-13 in C:\Users\arekr\OneDrive\Pulpit\Github\Quadcopter_Full_Implementation\Hardware\Electronics\Altium_Quadcopter_Projects\Quadcopter_Main_PCB\Power.SchDoc with DMP3056LSS-13 from DMP3056LSS_13.IntLib
