Removed Pin From Net: NetName=GND Pin=R25-1
Added Component: Designator=D9(SOT95P280X145-5N)
Add component (AddParameter): Name = "Arrow Part Number"; Value = "RCLAMP3354S.TCT"; VariantName = "[No Variations]"
Add component (AddParameter): Name = "Arrow Price/Stock"; Value = "https://www.arrow.com/en/products/rclamp3354s.tct/semtech?utm_currency=USD&region=europe"; VariantName = "[No Variations]"
Add component (AddParameter): Name = "Datasheet Link"; Value = "https://semtech.my.salesforce.com/sfc/p/#E0000000JelG/a/44000000MCrm/q3IJaquvh9BkANCL4E8HYT8vxS.k3jwPHRhsWr6XNsI"; VariantName = "[No Variations]"
Add component (AddParameter): Name = "Geometry.Height"; Value = "1.45mm"; VariantName = "[No Variations]"
Add component (AddParameter): Name = "Manufacturer_Name"; Value = "SEMTECH"; VariantName = "[No Variations]"
Add component (AddParameter): Name = "Manufacturer_Part_Number"; Value = "RCLAMP3354S.TCT"; VariantName = "[No Variations]"
Add component (AddParameter): Name = "Mouser Part Number"; Value = "947-RCLAMP3354S.TCT"; VariantName = "[No Variations]"
Add component (AddParameter): Name = "Mouser Price/Stock"; Value = "https://www.mouser.co.uk/ProductDetail/Semtech/RCLAMP3354S.TCT?qs=rBWM4%252BvDhIcjyMg1J9MbMw%3D%3D"; VariantName = "[No Variations]"
Added Component: Designator=D10(AQ120501LTG)
Add component (AddParameter): Name = "Arrow Part Number"; Value = ""; VariantName = "[No Variations]"
Add component (AddParameter): Name = "Arrow Price/Stock"; Value = ""; VariantName = "[No Variations]"
Add component (AddParameter): Name = "Datasheet Link"; Value = "https://www.littelfuse.com/assetdocs/littelfuse-tvs-diode-array-aq1205-01ltg-datashee?assetguid=bd1b547a-f82e-4cfc-8f41-242773d1850e"; VariantName = "[No Variations]"
Add component (AddParameter): Name = "Geometry.Height"; Value = "0.77mm"; VariantName = "[No Variations]"
Add component (AddParameter): Name = "Manufacturer_Name"; Value = "LITTELFUSE"; VariantName = "[No Variations]"
Add component (AddParameter): Name = "Manufacturer_Part_Number"; Value = "AQ1205-01LTG"; VariantName = "[No Variations]"
Add component (AddParameter): Name = "Mouser Part Number"; Value = ""; VariantName = "[No Variations]"
Add component (AddParameter): Name = "Mouser Price/Stock"; Value = ""; VariantName = "[No Variations]"
Added Component: Designator=D11(SOT95P280X145-5N)
Add component (AddParameter): Name = "Arrow Part Number"; Value = "RCLAMP3354S.TCT"; VariantName = "[No Variations]"
Add component (AddParameter): Name = "Arrow Price/Stock"; Value = "https://www.arrow.com/en/products/rclamp3354s.tct/semtech?utm_currency=USD&region=europe"; VariantName = "[No Variations]"
Add component (AddParameter): Name = "Datasheet Link"; Value = "https://semtech.my.salesforce.com/sfc/p/#E0000000JelG/a/44000000MCrm/q3IJaquvh9BkANCL4E8HYT8vxS.k3jwPHRhsWr6XNsI"; VariantName = "[No Variations]"
Add component (AddParameter): Name = "Geometry.Height"; Value = "1.45mm"; VariantName = "[No Variations]"
Add component (AddParameter): Name = "Manufacturer_Name"; Value = "SEMTECH"; VariantName = "[No Variations]"
Add component (AddParameter): Name = "Manufacturer_Part_Number"; Value = "RCLAMP3354S.TCT"; VariantName = "[No Variations]"
Add component (AddParameter): Name = "Mouser Part Number"; Value = "947-RCLAMP3354S.TCT"; VariantName = "[No Variations]"
Add component (AddParameter): Name = "Mouser Price/Stock"; Value = "https://www.mouser.co.uk/ProductDetail/Semtech/RCLAMP3354S.TCT?qs=rBWM4%252BvDhIcjyMg1J9MbMw%3D%3D"; VariantName = "[No Variations]"
Added Component: Designator=D?(SOT95P280X145-5N)
Add component (AddParameter): Name = "Arrow Part Number"; Value = "RCLAMP3354S.TCT"; VariantName = "[No Variations]"
Add component (AddParameter): Name = "Arrow Price/Stock"; Value = "https://www.arrow.com/en/products/rclamp3354s.tct/semtech?utm_currency=USD&region=europe"; VariantName = "[No Variations]"
Add component (AddParameter): Name = "Datasheet Link"; Value = "https://semtech.my.salesforce.com/sfc/p/#E0000000JelG/a/44000000MCrm/q3IJaquvh9BkANCL4E8HYT8vxS.k3jwPHRhsWr6XNsI"; VariantName = "[No Variations]"
Add component (AddParameter): Name = "Geometry.Height"; Value = "1.45mm"; VariantName = "[No Variations]"
Add component (AddParameter): Name = "Manufacturer_Name"; Value = "SEMTECH"; VariantName = "[No Variations]"
Add component (AddParameter): Name = "Manufacturer_Part_Number"; Value = "RCLAMP3354S.TCT"; VariantName = "[No Variations]"
Add component (AddParameter): Name = "Mouser Part Number"; Value = "947-RCLAMP3354S.TCT"; VariantName = "[No Variations]"
Add component (AddParameter): Name = "Mouser Price/Stock"; Value = "https://www.mouser.co.uk/ProductDetail/Semtech/RCLAMP3354S.TCT?qs=rBWM4%252BvDhIcjyMg1J9MbMw%3D%3D"; VariantName = "[No Variations]"
Added Component: Designator=J3(FP-PBC01SAAN-MFG)
Add component (AddParameter): Name = "Color"; Value = "Black"; VariantName = "[No Variations]"
Add component (AddParameter): Name = "Connector Type"; Value = "Male Pin"; VariantName = "[No Variations]"
Add component (AddParameter): Name = "Contact Material"; Value = "Bronze"; VariantName = "[No Variations]"
Add component (AddParameter): Name = "Contact Mating Length"; Value = "0.23inch"; VariantName = "[No Variations]"
Add component (AddParameter): Name = "Contact Plating"; Value = "Gold"; VariantName = "[No Variations]"
Add component (AddParameter): Name = "Gender"; Value = "Male"; VariantName = "[No Variations]"
Add component (AddParameter): Name = "Height"; Value = "2.54mm"; VariantName = "[No Variations]"
Add component (AddParameter): Name = "Housing Color"; Value = "Black"; VariantName = "[No Variations]"
Add component (AddParameter): Name = "Housing Material"; Value = "Plastic"; VariantName = "[No Variations]"
Add component (AddParameter): Name = "Lead Free"; Value = "Lead Free"; VariantName = "[No Variations]"
Add component (AddParameter): Name = "Length"; Value = "2.54mm"; VariantName = "[No Variations]"
Add component (AddParameter): Name = "Mount"; Value = "Through Hole"; VariantName = "[No Variations]"
Add component (AddParameter): Name = "Number of Contacts"; Value = "1"; VariantName = "[No Variations]"
Add component (AddParameter): Name = "Number of Positions"; Value = "1"; VariantName = "[No Variations]"
Add component (AddParameter): Name = "Number of Rows"; Value = "1"; VariantName = "[No Variations]"
Add component (AddParameter): Name = "Package Quantity"; Value = "1"; VariantName = "[No Variations]"
Add component (AddParameter): Name = "Packaging"; Value = "Bulk"; VariantName = "[No Variations]"
Add component (AddParameter): Name = "Pitch"; Value = "2.54mm"; VariantName = "[No Variations]"
Add component (AddParameter): Name = "Termination"; Value = "Solder"; VariantName = "[No Variations]"
Add component (AddParameter): Name = "Width"; Value = "2.54mm"; VariantName = "[No Variations]"
Added Component: Designator=J4(DS101310SSIB1B0)
Add component (AddParameter): Name = "Arrow Part Number"; Value = ""; VariantName = "[No Variations]"
Add component (AddParameter): Name = "Arrow Price/Stock"; Value = ""; VariantName = "[No Variations]"
Add component (AddParameter): Name = "Datasheet Link"; Value = "https://www.tme.eu/Document/c6e6da985bd9c519d97c4924b5c8a047/DS1013.pdf"; VariantName = "[No Variations]"
Add component (AddParameter): Name = "Geometry.Height"; Value = "9.48mm"; VariantName = "[No Variations]"
Add component (AddParameter): Name = "Manufacturer_Name"; Value = "Connfly"; VariantName = "[No Variations]"
Add component (AddParameter): Name = "Manufacturer_Part_Number"; Value = "DS1013-10SSIB1-B-0"; VariantName = "[No Variations]"
Add component (AddParameter): Name = "Mouser Part Number"; Value = ""; VariantName = "[No Variations]"
Add component (AddParameter): Name = "Mouser Price/Stock"; Value = ""; VariantName = "[No Variations]"
Added Component: Designator=J5(95278801A06LF)
Add component (AddParameter): Name = "Arrow Part Number"; Value = ""; VariantName = "[No Variations]"
Add component (AddParameter): Name = "Arrow Price/Stock"; Value = ""; VariantName = "[No Variations]"
Add component (AddParameter): Name = "Datasheet Link"; Value = "https://cdn.amphenol-cs.com/media/wysiwyg/files/drawing/95278.pdf"; VariantName = "[No Variations]"
Add component (AddParameter): Name = "Geometry.Height"; Value = "10.5mm"; VariantName = "[No Variations]"
Add component (AddParameter): Name = "Manufacturer_Name"; Value = "Amphenol Communications Solutions"; VariantName = "[No Variations]"
Add component (AddParameter): Name = "Manufacturer_Part_Number"; Value = "95278-801A06LF"; VariantName = "[No Variations]"
Add component (AddParameter): Name = "Mouser Part Number"; Value = ""; VariantName = "[No Variations]"
Add component (AddParameter): Name = "Mouser Price/Stock"; Value = ""; VariantName = "[No Variations]"
Added Pin To Net: NetName=NetD3_1 Pin=B3-8
Added Pin To Net: NetName=NetB2_5 Pin=B3-10
Added Pin To Net: NetName=NetB2_16 Pin=B3-11
Added Pin To Net: NetName=NetB2_1 Pin=B3-29
Added Pin To Net: NetName=NetB2_4 Pin=B3-33
Added Pin To Net: NetName=NetB2_15 Pin=B3-36
Added Pin To Net: NetName=I2C_Interrupt Pin=B3-57
Added Pin To Net: NetName=SCL Pin=B3-58
Added Pin To Net: NetName=SDA Pin=B3-59
Added Pin To Net: NetName=VIN_Battery Pin=D4-1
Added Pin To Net: NetName=GND Pin=D4-2
Added Pin To Net: NetName=GND Pin=D5-1
Added Pin To Net: NetName=VIN_Battery Pin=D5-2
Added Pin To Net: NetName=NetB3_55 Pin=D9-1
Added Pin To Net: NetName=GND Pin=D9-2
Added Pin To Net: NetName=STM_RST Pin=D9-3
Added Pin To Net: NetName=NetB3_46 Pin=D9-4
Added Pin To Net: NetName=NetB3_49 Pin=D9-5
Added Pin To Net: NetName=GND Pin=D10-1
Added Pin To Net: NetName=VIN_Programer Pin=D10-2
Added Pin To Net: NetName=RTS Pin=D11-1
Added Pin To Net: NetName=GND Pin=D11-2
Added Pin To Net: NetName=DTR Pin=D11-3
Added Pin To Net: NetName=TXD0 Pin=D11-4
Added Pin To Net: NetName=RXD0 Pin=D11-5
Added Pin To Net: NetName=NetB3_41 Pin=D?-1
Added Pin To Net: NetName=GND Pin=D?-2
Added Pin To Net: NetName=NetB3_42 Pin=D?-3
Added Pin To Net: NetName=NetB3_44 Pin=D?-4
Added Pin To Net: NetName=NetB3_43 Pin=D?-5
Added Pin To Net: NetName=VIN_Battery Pin=J2-2
Added Pin To Net: NetName=NetB3_55 Pin=J3-1
Added Pin To Net: NetName=STM_RST Pin=J4-1
Added Pin To Net: NetName=NetB3_49 Pin=J4-2
Added Pin To Net: NetName=NetB3_46 Pin=J4-4
Added Pin To Net: NetName=GND Pin=J4-5
Added Pin To Net: NetName=GND Pin=J4-6
Added Pin To Net: NetName=VIN_Programer Pin=J4-7
Added Pin To Net: NetName=VIN_Programer Pin=J4-8
Added Pin To Net: NetName=GND Pin=J5-1
Added Pin To Net: NetName=TXD0 Pin=J5-2
Added Pin To Net: NetName=DTR Pin=J5-3
Added Pin To Net: NetName=RXD0 Pin=J5-4
Added Pin To Net: NetName=RTS Pin=J5-5
Added Pin To Net: NetName=VIN_Programer Pin=J5-6
Added Pin To Net: NetName=SDA Pin=R21-2
Added Pin To Net: NetName=SCL Pin=R22-2
Added Pin To Net: NetName=GND Pin=R25-2
Change Net Name : Old Net Name=NetD3_1 New Net Name=NetB3_8
Added Pin To Net: NetName=NetB3_60 Pin=B3-60
Added Pin To Net: NetName=NetB3_60 Pin=R25-1
Added Net: Name=NetB3_60
Added Member To Class: ClassName=U_Connectors Member=Component D9 RCLAMP3354S.TCT
Added Member To Class: ClassName=U_Connectors Member=Component D10 AQ1205-01LTG
Added Member To Class: ClassName=U_Connectors Member=Component D11 RCLAMP3354S.TCT
Added Member To Class: ClassName=U_Connectors Member=Component D? RCLAMP3354S.TCT
Added Member To Class: ClassName=U_Connectors Member=Component J3 Male header
Added Member To Class: ClassName=U_Connectors Member=Component J4 IDC 10 pin
Added Member To Class: ClassName=U_Connectors Member=Component J5 2x3 male goldpin
