Removed Pin From Net: NetName=OSC_OUT Pin=C19-2
Removed Pin From Net: NetName=OSC_OUT Pin=X4-3
Removed Member From Class: ClassName=U_Interface_STM32 Member=D4
Removed Member From Class: ClassName=U_UWB_Positioning Member=R1
Removed Member From Class: ClassName=main Member=R14
Removed Member From Class: ClassName=U_Connectors Member=R15
Removed Member From Class: ClassName=U_Connectors Member=R16
Removed Member From Class: ClassName=U_STM32 Member=R29
Removed Member From Class: ClassName=U_UWB_Positioning Member=R29
Removed Member From Class: ClassName=U_UWB_Positioning Member=R30
Change Component Designator: OldDesignator=C7 NewDesignator=C8
Change Component Designator: OldDesignator=C8 NewDesignator=C9
Change Component Designator: OldDesignator=C9 NewDesignator=C10
Change Component Designator: OldDesignator=C10 NewDesignator=C11
Change Component Designator: OldDesignator=C11 NewDesignator=C12
Change Component Designator: OldDesignator=C12 NewDesignator=C13
Change Component Designator: OldDesignator=C13 NewDesignator=C14
Change Component Designator: OldDesignator=C14 NewDesignator=C15
Change Component Designator: OldDesignator=C15 NewDesignator=C16
Change Component Designator: OldDesignator=C16 NewDesignator=C17
Change Component Designator: OldDesignator=C17 NewDesignator=C18
Change Component Designator: OldDesignator=C18 NewDesignator=C19
Change Component Designator: OldDesignator=C19 NewDesignator=C20
Change Component Designator: OldDesignator=C20 NewDesignator=C21
Change Component Designator: OldDesignator=C21 NewDesignator=C22
Change Component Designator: OldDesignator=C22 NewDesignator=C23
Change Component Designator: OldDesignator=C23 NewDesignator=C24
Change Component Designator: OldDesignator=C24 NewDesignator=C25
Change Component Designator: OldDesignator=C25 NewDesignator=C26
Change Component Designator: OldDesignator=C26 NewDesignator=C28
Change Component Designator: OldDesignator=C27 NewDesignator=C29
Change Component Designator: OldDesignator=R28 NewDesignator=R29
Change Component Designator: OldDesignator=R29 NewDesignator=R30
Change Component Designator: OldDesignator=R30 NewDesignator=R31
Change Component Designator: OldDesignator=R31 NewDesignator=R32
Added Component: Designator=C7(Cap_0603_Medium_Density)
Add component (AddParameter): Name = "ComponentLink1Description"; Value = "Online Store Link"; VariantName = "[No Variations]"
Add component (AddParameter): Name = "ComponentLink1URL"; Value = ""; VariantName = "[No Variations]"
Add component (AddParameter): Name = "Manufacturer"; Value = ""; VariantName = "[No Variations]"
Add component (AddParameter): Name = "Part Number"; Value = "-"; VariantName = "[No Variations]"
Add component (AddParameter): Name = "Supplier"; Value = ""; VariantName = "[No Variations]"
Add component (AddParameter): Name = "Value"; Value = "2.2uF"; VariantName = "[No Variations]"
Add component (AddParameter): Name = "Voltage"; Value = ""; VariantName = "[No Variations]"
Added Component: Designator=C27(Cap_0603_Medium_Density)
Add component (AddParameter): Name = "ComponentLink1Description"; Value = "Online Store Link"; VariantName = "[No Variations]"
Add component (AddParameter): Name = "ComponentLink1URL"; Value = ""; VariantName = "[No Variations]"
Add component (AddParameter): Name = "Manufacturer"; Value = ""; VariantName = "[No Variations]"
Add component (AddParameter): Name = "Part Number"; Value = "-"; VariantName = "[No Variations]"
Add component (AddParameter): Name = "Supplier"; Value = ""; VariantName = "[No Variations]"
Add component (AddParameter): Name = "Value"; Value = "2.2uF"; VariantName = "[No Variations]"
Add component (AddParameter): Name = "Voltage"; Value = ""; VariantName = "[No Variations]"
Added Component: Designator=R28(Res_0603_Medium_Density)
Add component (AddParameter): Name = "ComponentLink1Description"; Value = "Online Store Link"; VariantName = "[No Variations]"
Add component (AddParameter): Name = "ComponentLink1URL"; Value = ""; VariantName = "[No Variations]"
Add component (AddParameter): Name = "Manufacturer"; Value = ""; VariantName = "[No Variations]"
Add component (AddParameter): Name = "Part Number"; Value = ""; VariantName = "[No Variations]"
Add component (AddParameter): Name = "Supplier"; Value = ""; VariantName = "[No Variations]"
Add component (AddParameter): Name = "Value"; Value = "0R"; VariantName = "[No Variations]"
Add component (AddParameter): Name = "Voltage"; Value = ""; VariantName = "[No Variations]"
Added Pin To Net: NetName=3V3 Pin=C7-1
Added Pin To Net: NetName=GND Pin=C7-2
Added Pin To Net: NetName=GND Pin=C27-1
Added Pin To Net: NetName=3V3 Pin=C27-2
Added Pin To Net: NetName=OSC_OUT Pin=R28-2
Change Net Name : Old Net Name=NetR30_1 New Net Name=NetR31_1
Change Net Name : Old Net Name=NetR31_2 New Net Name=NetR32_2
Added Pin To Net: NetName=NetC20_2 Pin=C20-2
Added Pin To Net: NetName=NetC20_2 Pin=R28-1
Added Pin To Net: NetName=NetC20_2 Pin=X4-3
Added Net: Name=NetC20_2
Added Member To Class: ClassName=U_Power Member=Component C1 100nF
Added Member To Class: ClassName=U_Power Member=Component C5 1uF
Added Member To Class: ClassName=U_UWB_Positioning Member=Component C14 100nF
Added Member To Class: ClassName=U_Sensors Member=Component C18 10uF
Added Member To Class: ClassName=U_STM32 Member=Component C20 30pF
Added Member To Class: ClassName=U_STM32 Member=Component C23 100nF
Added Member To Class: ClassName=U_STM32 Member=Component C26 100nF
Added Member To Class: ClassName=U_Interface_STM32 Member=Component C28 100nF
Added Member To Class: ClassName=U_Power Member=Component D1 LS_R976
Added Member To Class: ClassName=U_Power Member=Component D3 13.3V Clamp
Added Member To Class: ClassName=U_Connectors Member=Component D8 RCLAMP3354S.TCT
Added Member To Class: ClassName=U_Connectors Member=Component D9 RCLAMP3354S.TCT
Added Member To Class: ClassName=U_Connectors Member=Component D10 ZMM33B
Added Member To Class: ClassName=U_Connectors Member=Component D11 TVS
Added Member To Class: ClassName=U_Interface_STM32 Member=Component D13 LS_R976
Added Member To Class: ClassName=U_Connectors Member=Component J2 53261-0671
Added Member To Class: ClassName=U_Connectors Member=Component J4 ESC Power Output
Added Member To Class: ClassName=U_Power Member=Component R1 120R
Added Member To Class: ClassName=U_Power Member=Component R2 100k
Added Member To Class: ClassName=U_Power Member=Component R5 100k
Added Member To Class: ClassName=U_Power Member=Component R7 10k
Added Member To Class: ClassName=U_Power Member=Component R8 120R
Added Member To Class: ClassName=main Member=Component R9 4.7k
Added Member To Class: ClassName=main Member=Component R10 4.7k
Added Member To Class: ClassName=U_Connectors Member=Component R11 270k
Added Member To Class: ClassName=U_Connectors Member=Component R12 100k
Added Member To Class: ClassName=U_UWB_Positioning Member=Component R17 10k
Added Member To Class: ClassName=U_UWB_Positioning Member=Component R18 10k
Added Member To Class: ClassName=U_UWB_Positioning Member=Component R19 10k
Added Member To Class: ClassName=U_UWB_Positioning Member=Component R20 10k
Added Member To Class: ClassName=U_UWB_Positioning Member=Component R21 10k
Added Member To Class: ClassName=U_UWB_Positioning Member=Component R22 10k
Added Member To Class: ClassName=U_UWB_Positioning Member=Component R24 220ohm
Added Member To Class: ClassName=U_UWB_Positioning Member=Component R25 120R
Added Member To Class: ClassName=U_UWB_Positioning Member=Component R26 220ohm
Added Member To Class: ClassName=U_STM32 Member=Component R27 10k
Added Member To Class: ClassName=U_STM32 Member=Component R28 0R
Added Member To Class: ClassName=U_Interface_STM32 Member=Component R32 220ohm
