Removed Pin From Net: NetName=NetB3_8 Pin=D3-1
Removed Pin From Net: NetName=GND Pin=D3-2
Removed Pin From Net: NetName=NetB3_55 Pin=D9-1
Removed Pin From Net: NetName=STM_RST Pin=D9-3
Removed Pin From Net: NetName=NetB3_46 Pin=D9-4
Removed Pin From Net: NetName=NetB3_49 Pin=D9-5
Removed Pin From Net: NetName=ESP_RTS Pin=D11-1
Removed Pin From Net: NetName=ESP_DTR Pin=D11-3
Removed Pin From Net: NetName=NetB3_55 Pin=J3-1
Removed Pin From Net: NetName=STM_RST Pin=J4-1
Removed Pin From Net: NetName=NetB3_49 Pin=J4-2
Removed Pin From Net: NetName=NetB3_46 Pin=J4-4
Removed Pin From Net: NetName=GND Pin=J4-5
Removed Pin From Net: NetName=GND Pin=J4-6
Removed Pin From Net: NetName=VIN_Programer Pin=J4-7
Removed Pin From Net: NetName=VIN_Programer Pin=J4-8
Removed Pin From Net: NetName=GND Pin=J5-1
Removed Pin From Net: NetName=TXD0 Pin=J5-2
Removed Pin From Net: NetName=ESP_DTR Pin=J5-3
Removed Pin From Net: NetName=ESP_RTS Pin=J5-5
Removed Pin From Net: NetName=VIN_Programer Pin=J5-6
Removed Pin From Net: NetName=NetB3_8 Pin=R8-2
Removed Pin From Net: NetName=NetB3_8 Pin=R9-1
Removed Pin From Net: NetName=GND Pin=R9-2
Removed Member From Class: ClassName=U_STM32 Member=C27
Removed Member From Class: ClassName=U_Connectors Member=D3
Removed Member From Class: ClassName=U_Power Member=D7
Removed Member From Class: ClassName=U_Connectors Member=D13
Removed Member From Class: ClassName=U_Connectors Member=J6
Removed Member From Class: ClassName=U_Connectors Member=R8
Removed Member From Class: ClassName=U_Connectors Member=R9
Removed Member From Class: ClassName=U_UWB_Positioning Member=R19
Removed Member From Class: ClassName=U_Power Member=R24
Change Component Footprint: Designator=J5 Old Footprint=95278801A06LF New Footprint=532610671
Change Component Footprint: Designator=J3 Old Footprint=FP-PBC01SAAN-MFG New Footprint=532610671
Change Component Comment : Designator=J5 Old Comment=2x3 male goldpin New Comment=53261-0671
Change Component Comment : Designator=J3 Old Comment=Male header New Comment=53261-0671
Change Component Designator: OldDesignator=C1 NewDesignator=C4
Change Component Designator: OldDesignator=C2 NewDesignator=C1
Change Component Designator: OldDesignator=C3 NewDesignator=C5
Change Component Designator: OldDesignator=C4 NewDesignator=C2
Change Component Designator: OldDesignator=C5 NewDesignator=C3
Change Component Designator: OldDesignator=C14 NewDesignator=C16
Change Component Designator: OldDesignator=C15 NewDesignator=C14
Change Component Designator: OldDesignator=C16 NewDesignator=C15
Change Component Designator: OldDesignator=C18 NewDesignator=C21
Change Component Designator: OldDesignator=C19 NewDesignator=C22
Change Component Designator: OldDesignator=C20 NewDesignator=C23
Change Component Designator: OldDesignator=C21 NewDesignator=C24
Change Component Designator: OldDesignator=C22 NewDesignator=C25
Change Component Designator: OldDesignator=C23 NewDesignator=C18
Change Component Designator: OldDesignator=C24 NewDesignator=C19
Change Component Designator: OldDesignator=C25 NewDesignator=C26
Change Component Designator: OldDesignator=C26 NewDesignator=C27
Change Component Designator: OldDesignator=C27 NewDesignator=C20
Change Component Designator: OldDesignator=D1 NewDesignator=D3
Change Component Designator: OldDesignator=D4 NewDesignator=D7
Change Component Designator: OldDesignator=D6 NewDesignator=D12
Change Component Designator: OldDesignator=D7 NewDesignator=D1
Change Component Designator: OldDesignator=D8 NewDesignator=D13
Change Component Designator: OldDesignator=D9 NewDesignator=D6
Change Component Designator: OldDesignator=D10 NewDesignator=D11
Change Component Designator: OldDesignator=D11 NewDesignator=D9
Change Component Designator: OldDesignator=D12 NewDesignator=D8
Change Component Designator: OldDesignator=D13 NewDesignator=D4
Change Component Designator: OldDesignator=J2 NewDesignator=J4
Change Component Designator: OldDesignator=J6 NewDesignator=J2
Change Component Designator: OldDesignator=R1 NewDesignator=R2
Change Component Designator: OldDesignator=R2 NewDesignator=R4
Change Component Designator: OldDesignator=R4 NewDesignator=R5
Change Component Designator: OldDesignator=R5 NewDesignator=R8
Change Component Designator: OldDesignator=R6 NewDesignator=R7
Change Component Designator: OldDesignator=R7 NewDesignator=R6
Change Component Designator: OldDesignator=R10 NewDesignator=R14
Change Component Designator: OldDesignator=R11 NewDesignator=R15
Change Component Designator: OldDesignator=R12 NewDesignator=R16
Change Component Designator: OldDesignator=R13 NewDesignator=R17
Change Component Designator: OldDesignator=R14 NewDesignator=R18
Change Component Designator: OldDesignator=R15 NewDesignator=R19
Change Component Designator: OldDesignator=R16 NewDesignator=R20
Change Component Designator: OldDesignator=R17 NewDesignator=R21
Change Component Designator: OldDesignator=R18 NewDesignator=R22
Change Component Designator: OldDesignator=R19 NewDesignator=R13
Change Component Designator: OldDesignator=R20 NewDesignator=R25
Change Component Designator: OldDesignator=R21 NewDesignator=R9
Change Component Designator: OldDesignator=R22 NewDesignator=R10
Change Component Designator: OldDesignator=R24 NewDesignator=R1
Change Component Designator: OldDesignator=R25 NewDesignator=R27
Change Component Designator: OldDesignator=R26 NewDesignator=R28
Change Component Designator: OldDesignator=R27 NewDesignator=R29
Change Component Designator: OldDesignator=R28 NewDesignator=R30
Change Component Designator: OldDesignator=R29 NewDesignator=R31
Change Component Designator: OldDesignator=R30 NewDesignator=R24
Change Component Designator: OldDesignator=R31 NewDesignator=R26
Change Managed Component Library Link : Designator=J3 Old VaultGUID=B7D15EC3-160A-466F-A46C-7801FE6295A7 New VaultGUID= Old ItemGUID=583B1F44-EDDB-4DA3-BE97-88F154EE7CE2 New ItemGUID= Old RevisionGUID=256C2F08-ACAB-4BAC-A642-96F27D6C5057 New RevisionGUID=
Change component parameters: Designator = "J5" ("J5"); Footprint = "95278801A06LF"; UniqueID = "\DYBOTTOC\FWUHHMMR" ("\DYBOTTOC\FWUHHMMR")
Change component parameters (AddParameter): Name = "Arrow Part Number"; Value = "53261-0671"; VariantName = "[No Variations]"
Change component parameters (AddParameter): Name = "Arrow Price/Stock"; Value = "https://www.arrow.com/en/products/53261-0671/molex?region=nac"; VariantName = "[No Variations]"
Change component parameters (AddParameter): Name = "Datasheet Link"; Value = "https://www.molex.com/pdm_docs/sd/532610671_sd.pdf"; VariantName = "[No Variations]"
Change component parameters (AddParameter): Name = "Geometry.Height"; Value = "3.6mm"; VariantName = "[No Variations]"
Change component parameters (AddParameter): Name = "Manufacturer_Name"; Value = "Molex"; VariantName = "[No Variations]"
Change component parameters (AddParameter): Name = "Manufacturer_Part_Number"; Value = "53261-0671"; VariantName = "[No Variations]"
Change component parameters (AddParameter): Name = "Mouser Part Number"; Value = "538-53261-0671"; VariantName = "[No Variations]"
Change component parameters (AddParameter): Name = "Mouser Price/Stock"; Value = "https://www.mouser.co.uk/ProductDetail/Molex/53261-0671?qs=%252B72YyncTwW9Wyr77z4J2cA%3D%3D"; VariantName = "[No Variations]"
Change component parameters: Designator = "J3" ("J3"); Footprint = "FP-PBC01SAAN-MFG"; UniqueID = "\DYBOTTOC\APDLORTS" ("\DYBOTTOC\APDLORTS")
Change component parameters (AddParameter): Name = "Arrow Part Number"; Value = "53261-0671"; VariantName = "[No Variations]"
Change component parameters (AddParameter): Name = "Arrow Price/Stock"; Value = "https://www.arrow.com/en/products/53261-0671/molex?region=nac"; VariantName = "[No Variations]"
Change component parameters (AddParameter): Name = "Datasheet Link"; Value = "https://www.molex.com/pdm_docs/sd/532610671_sd.pdf"; VariantName = "[No Variations]"
Change component parameters (AddParameter): Name = "Geometry.Height"; Value = "3.6mm"; VariantName = "[No Variations]"
Change component parameters (AddParameter): Name = "Manufacturer_Name"; Value = "Molex"; VariantName = "[No Variations]"
Change component parameters (AddParameter): Name = "Manufacturer_Part_Number"; Value = "53261-0671"; VariantName = "[No Variations]"
Change component parameters (AddParameter): Name = "Mouser Part Number"; Value = "538-53261-0671"; VariantName = "[No Variations]"
Change component parameters (AddParameter): Name = "Mouser Price/Stock"; Value = "https://www.mouser.co.uk/ProductDetail/Molex/53261-0671?qs=%252B72YyncTwW9Wyr77z4J2cA%3D%3D"; VariantName = "[No Variations]"
Added Component: Designator=D10(ZMM33B)
Add component (AddParameter): Name = "Arrow Part Number"; Value = "ZMM33B"; VariantName = "[No Variations]"
Add component (AddParameter): Name = "Arrow Price/Stock"; Value = "https://www.arrow.com/en/products/zmm33b/diotec-semiconductor-ag?utm_currency=USD&region=nac"; VariantName = "[No Variations]"
Add component (AddParameter): Name = "Datasheet Link"; Value = ""; VariantName = "[No Variations]"
Add component (AddParameter): Name = "Geometry.Height"; Value = "1.45mm"; VariantName = "[No Variations]"
Add component (AddParameter): Name = "Manufacturer_Name"; Value = "Diotec"; VariantName = "[No Variations]"
Add component (AddParameter): Name = "Manufacturer_Part_Number"; Value = "ZMM33B"; VariantName = "[No Variations]"
Add component (AddParameter): Name = "Mouser Part Number"; Value = "637-ZMM33B"; VariantName = "[No Variations]"
Add component (AddParameter): Name = "Mouser Price/Stock"; Value = "https://www.mouser.co.uk/ProductDetail/Diotec-Semiconductor/ZMM33B?qs=OlC7AqGiEDlS5hTI7j6ASg%3D%3D"; VariantName = "[No Variations]"
Added Component: Designator=P2(MOLEX-53261-0471_V)
Add component (AddParameter): Name = "Brand"; Value = "Molex"; VariantName = "[No Variations]"
Add component (AddParameter): Name = "Contact Material"; Value = "PhosphorBronze"; VariantName = "[No Variations]"
Add component (AddParameter): Name = "Contact Plating"; Value = "Tin"; VariantName = "[No Variations]"
Add component (AddParameter): Name = "Current Rating"; Value = "1A"; VariantName = "[No Variations]"
Add component (AddParameter): Name = "Datasheet URL"; Value = "http://www.molex.com/pdm_docs/sd/532610471_sd.pdf"; VariantName = "[No Variations]"
Add component (AddParameter): Name = "Datasheet Version"; Value = "Rev. G, 01/2012"; VariantName = "[No Variations]"
Add component (AddParameter): Name = "Factory Pack Quantity"; Value = "1000"; VariantName = "[No Variations]"
Add component (AddParameter): Name = "Housing Material"; Value = "Thermoplastic"; VariantName = "[No Variations]"
Add component (AddParameter): Name = "Manufacturer"; Value = "Molex"; VariantName = "[No Variations]"
Add component (AddParameter): Name = "Manufacturer URL"; Value = "http://www.molex.com/"; VariantName = "[No Variations]"
Add component (AddParameter): Name = "Mounting Angle"; Value = "Right"; VariantName = "[No Variations]"
Add component (AddParameter): Name = "Mounting Style"; Value = "SMD/SMT"; VariantName = "[No Variations]"
Add component (AddParameter): Name = "Number of Positions"; Value = "4"; VariantName = "[No Variations]"
Add component (AddParameter): Name = "Number of Positions / Contacts"; Value = "4"; VariantName = "[No Variations]"
Add component (AddParameter): Name = "Number of Rows"; Value = "1"; VariantName = "[No Variations]"
Add component (AddParameter): Name = "Package Description"; Value = "1.25mm Pitch PicoBlade(TM) Header, Surface Mount, Right Angle, Lead-Free, 4 Circuits"; VariantName = "[No Variations]"
Add component (AddParameter): Name = "Packaging"; Value = "Reel"; VariantName = "[No Variations]"
Add component (AddParameter): Name = "Pitch"; Value = "1.25mm"; VariantName = "[No Variations]"
Add component (AddParameter): Name = "Product Category"; Value = "Headers&WireHousings"; VariantName = "[No Variations]"
Add component (AddParameter): Name = "Product Type"; Value = "Headers"; VariantName = "[No Variations]"
Add component (AddParameter): Name = "RoHS"; Value = "Details"; VariantName = "[No Variations]"
Add component (AddParameter): Name = "Series"; Value = "53261"; VariantName = "[No Variations]"
Add component (AddParameter): Name = "Termination Style"; Value = "SMD"; VariantName = "[No Variations]"
Add component (AddParameter): Name = "Tradename"; Value = "PicoBlade"; VariantName = "[No Variations]"
Add component (AddParameter): Name = "Type"; Value = "Shrouded"; VariantName = "[No Variations]"
Add component (AddParameter): Name = "Voltage Rating"; Value = "125V"; VariantName = "[No Variations]"
Added Component: Designator=R11(Res_0603_Medium_Density)
Add component (AddParameter): Name = "ComponentLink1Description"; Value = "Online Store Link"; VariantName = "[No Variations]"
Add component (AddParameter): Name = "ComponentLink1URL"; Value = ""; VariantName = "[No Variations]"
Add component (AddParameter): Name = "Manufacturer"; Value = ""; VariantName = "[No Variations]"
Add component (AddParameter): Name = "Part Number"; Value = ""; VariantName = "[No Variations]"
Add component (AddParameter): Name = "Supplier"; Value = ""; VariantName = "[No Variations]"
Add component (AddParameter): Name = "Value"; Value = "270k"; VariantName = "[No Variations]"
Add component (AddParameter): Name = "Voltage"; Value = ""; VariantName = "[No Variations]"
Added Component: Designator=R12(Res_0603_Medium_Density)
Add component (AddParameter): Name = "ComponentLink1Description"; Value = "Online Store Link"; VariantName = "[No Variations]"
Add component (AddParameter): Name = "ComponentLink1URL"; Value = ""; VariantName = "[No Variations]"
Add component (AddParameter): Name = "Manufacturer"; Value = ""; VariantName = "[No Variations]"
Add component (AddParameter): Name = "Part Number"; Value = ""; VariantName = "[No Variations]"
Add component (AddParameter): Name = "Supplier"; Value = ""; VariantName = "[No Variations]"
Add component (AddParameter): Name = "Value"; Value = "100k"; VariantName = "[No Variations]"
Add component (AddParameter): Name = "Voltage"; Value = ""; VariantName = "[No Variations]"
Added Pin To Net: NetName=STM_RST Pin=D6-1
Added Pin To Net: NetName=NetB3_49 Pin=D6-3
Added Pin To Net: NetName=NetB3_55 Pin=D6-4
Added Pin To Net: NetName=NetB3_46 Pin=D6-5
Added Pin To Net: NetName=ESP_DTR Pin=D9-1
Added Pin To Net: NetName=ESP_RTS Pin=D9-3
Added Pin To Net: NetName=NetB3_8 Pin=D10-1
Added Pin To Net: NetName=GND Pin=D10-2
Added Pin To Net: NetName=VIN_Programer Pin=J3-1
Added Pin To Net: NetName=STM_RST Pin=J3-2
Added Pin To Net: NetName=NetB3_49 Pin=J3-3
Added Pin To Net: NetName=NetB3_46 Pin=J3-4
Added Pin To Net: NetName=NetB3_55 Pin=J3-5
Added Pin To Net: NetName=GND Pin=J3-6
Added Pin To Net: NetName=VIN_Programer Pin=J5-1
Added Pin To Net: NetName=ESP_DTR Pin=J5-2
Added Pin To Net: NetName=ESP_RTS Pin=J5-3
Added Pin To Net: NetName=TXD0 Pin=J5-5
Added Pin To Net: NetName=GND Pin=J5-6
Added Pin To Net: NetName=NetB3_42 Pin=P2-3
Added Pin To Net: NetName=NetB3_41 Pin=P2-4
Added Pin To Net: NetName=NetB3_8 Pin=R11-2
Added Pin To Net: NetName=NetB3_8 Pin=R12-1
Added Pin To Net: NetName=GND Pin=R12-2
Change Net Name : Old Net Name=NetB3_41 New Net Name=ESC_P1
Change Net Name : Old Net Name=NetB3_42 New Net Name=ESC_P2
Change Net Name : Old Net Name=NetC2_1 New Net Name=NetC1_1
Change Net Name : Old Net Name=NetC2_2 New Net Name=NetC1_2
Change Net Name : Old Net Name=NetC4_1 New Net Name=NetC2_1
Change Net Name : Old Net Name=NetD1_2 New Net Name=NetD3_2
Change Net Name : Old Net Name=NetD6_2 New Net Name=NetD12_2
Change Net Name : Old Net Name=NetD7_1 New Net Name=NetD1_1
Change Net Name : Old Net Name=NetD8_1 New Net Name=NetD13_1
Change Net Name : Old Net Name=NetR4_1 New Net Name=NetR5_1
Change Net Name : Old Net Name=NetR6_1 New Net Name=NetR7_1
Change Net Name : Old Net Name=NetR7_1 New Net Name=NetR6_1
Change Net Name : Old Net Name=NetR28_1 New Net Name=NetR30_1
Change Net Name : Old Net Name=NetR29_2 New Net Name=NetR31_2
Change Net Name : Old Net Name=NetR30_2 New Net Name=NetR24_2
Change Net Name : Old Net Name=NetR31_2 New Net Name=NetR26_2
Added Pin To Net: NetName=ESC_Batt Pin=P1-2
Added Pin To Net: NetName=ESC_Batt Pin=R11-1
Added Net: Name=ESC_Batt
Added Pin To Net: NetName=ESC_P3 Pin=B3-43
Added Pin To Net: NetName=ESC_P3 Pin=D8-4
Added Pin To Net: NetName=ESC_P3 Pin=P1-5
Added Pin To Net: NetName=ESC_P3 Pin=P2-2
Added Net: Name=ESC_P3
Added Pin To Net: NetName=ESC_P4 Pin=B3-44
Added Pin To Net: NetName=ESC_P4 Pin=D8-5
Added Pin To Net: NetName=ESC_P4 Pin=P1-6
Added Pin To Net: NetName=ESC_P4 Pin=P2-1
Added Net: Name=ESC_P4
Added Member To Class: ClassName=U_STM32 Member=Component C25 100nF
Added Member To Class: ClassName=U_Power Member=Component D3 13.3V Clamp
Added Member To Class: ClassName=U_Connectors Member=Component D7 TVS
Added Member To Class: ClassName=U_Connectors Member=Component D11 TVS
Added Member To Class: ClassName=U_Connectors Member=Component P2 53261-0471
Added Member To Class: ClassName=U_Power Member=Component R8 120R
Added Member To Class: ClassName=U_Connectors Member=Component R11 270k
Added Member To Class: ClassName=U_Connectors Member=Component R12 100k
Added Member To Class: ClassName=U_UWB_Positioning Member=Component R21 10k
Added Member To Class: ClassName=U_UWB_Positioning Member=Component R23 220ohm
