Removed Member From Class: ClassName=U_Power Member=R11
Removed Member From Class: ClassName=U_Connectors Member=R14
Removed Member From Class: ClassName=U_UWB_Positioning Member=R28
Removed Member From Class: ClassName=U_STM32 Member=R30
Change Component Designator: OldDesignator=B2 NewDesignator=U8
Change Component Designator: OldDesignator=DWM1000 NewDesignator=U6
Change Component Designator: OldDesignator=ESP32 NewDesignator=U5
Change Component Designator: OldDesignator=STM32 NewDesignator=U9
Change Component Designator: OldDesignator=U5 NewDesignator=U7
Change Component Designator: OldDesignator=X1 NewDesignator=SW1
Change Component Designator: OldDesignator=X2 NewDesignator=SW2
Change Component Designator: OldDesignator=X3 NewDesignator=SW3
Change Component Designator: OldDesignator=X4 NewDesignator=X1
Change Component Designator: OldDesignator=X5 NewDesignator=SW4
Change Component Designator: OldDesignator=X6 NewDesignator=SW5
Change Net Name : Old Net Name=NetB2_10 New Net Name=NetC18_2
Change Net Name : Old Net Name=NetB3_60 New Net Name=NetR28_1
Change Net Name : Old Net Name=NetMD1_2 New Net Name=NetR15_2
Added Member To Class: ClassName=U_Power Member=Component R8 220R
Added Member To Class: ClassName=main Member=Component R10 4.7k
Added Member To Class: ClassName=U_Connectors Member=Component R12 270k
Added Member To Class: ClassName=U_Connectors Member=Component R13 100k
Added Member To Class: ClassName=U_UWB_Positioning Member=Component R15 10k
Added Member To Class: ClassName=U_UWB_Positioning Member=Component R17 10k
Added Member To Class: ClassName=U_UWB_Positioning Member=Component R18 10k
Added Member To Class: ClassName=U_UWB_Positioning Member=Component R19 10k
Added Member To Class: ClassName=U_UWB_Positioning Member=Component R21 10k
Added Member To Class: ClassName=U_UWB_Positioning Member=Component R22 10k
Added Member To Class: ClassName=U_UWB_Positioning Member=Component R23 10k
Added Member To Class: ClassName=U_UWB_Positioning Member=Component R26 120R
Added Member To Class: ClassName=U_UWB_Positioning Member=Component R27 220R
Added Member To Class: ClassName=U_STM32 Member=Component R29 0R
