Removed Pin From Net: NetName=SCL Pin=R21-2
Removed Pin From Net: NetName=SDA Pin=R22-2
Removed Member From Class: ClassName=U_UWB_Positioning Member=R21
Added Pin To Net: NetName=NetB3_22 Pin=U5-1
Added Pin To Net: NetName=NetB3_20 Pin=U5-12
Added Pin To Net: NetName=NetB3_21 Pin=U5-13
Added Pin To Net: NetName=NetB3_23 Pin=U5-14
Change Net Name : Old Net Name=Button_1 New Net Name=ESP_Button_1
Change Net Name : Old Net Name=RST New Net Name=STM_RST
Change Net Name : Old Net Name=Status_Button New Net Name=STM_Status_Button
Change Net Name : Old Net Name=Status_LED New Net Name=ESP_Status_LED
Added Pin To Net: NetName=NetB3_8 Pin=B3-8
Added Net: Name=NetB3_8
Added Pin To Net: NetName=NetB3_9 Pin=B3-9
Added Net: Name=NetB3_9
Added Pin To Net: NetName=NetB3_34 Pin=B3-34
Added Pin To Net: NetName=NetB3_34 Pin=U5-9
Added Net: Name=NetB3_34
Added Pin To Net: NetName=NetB3_35 Pin=B3-35
Added Pin To Net: NetName=NetB3_35 Pin=U5-4
Added Net: Name=NetB3_35
Added Pin To Net: NetName=NetB3_36 Pin=B3-36
Added Net: Name=NetB3_36
Added Pin To Net: NetName=STM_Status_LED Pin=B3-39
Added Pin To Net: NetName=STM_Status_LED Pin=D8-2
Added Net: Name=STM_Status_LED
Added Class: Name=main
