Change Net Name : Old Net Name=I2C_Interrupt New Net Name=ESP_I2C_Interrupt
Change Net Name : Old Net Name=NetB2_1 New Net Name=MAG_SCK
Change Net Name : Old Net Name=NetB2_4 New Net Name=MAG_CS
Change Net Name : Old Net Name=NetB2_15 New Net Name=MAG_EXTI
Change Net Name : Old Net Name=NetB2_16 New Net Name=MAG_MOSI
Change Net Name : Old Net Name=NetB3_8 New Net Name=Battery_Voltage_Measurement
Change Net Name : Old Net Name=NetB3_20 New Net Name=IMU_CS
Change Net Name : Old Net Name=NetB3_21 New Net Name=IMU_SCK
Change Net Name : Old Net Name=NetB3_22 New Net Name=IMU_MISO
Change Net Name : Old Net Name=NetB3_23 New Net Name=IMU_MOSI
Change Net Name : Old Net Name=NetB3_34 New Net Name=IMU_EXTI1
Change Net Name : Old Net Name=NetB3_35 New Net Name=IMU_EXTI2
Change Net Name : Old Net Name=NetB3_46 New Net Name=SWDIO
Change Net Name : Old Net Name=NetB3_49 New Net Name=SWCLK
Change Net Name : Old Net Name=NetB3_50 New Net Name=SPI_3_CS
Change Net Name : Old Net Name=NetB3_51 New Net Name=SPI_3_SCK
Change Net Name : Old Net Name=NetB3_52 New Net Name=SPI_3_MISO
Change Net Name : Old Net Name=NetB3_53 New Net Name=SPI_3_MOSI
Change Net Name : Old Net Name=NetB3_55 New Net Name=TRACESWO
Change Net Name : Old Net Name=RXD0 New Net Name=ESP_RXD0
Change Net Name : Old Net Name=SCL New Net Name=ESP_SCL
Change Net Name : Old Net Name=SDA New Net Name=ESP_SDA
Change Net Name : Old Net Name=TXD0 New Net Name=ESP_TXD0
