Removed Pin From Net: NetName=NetB3_41 Pin=D?-1
Removed Pin From Net: NetName=NetB3_42 Pin=D?-3
Removed Pin From Net: NetName=NetB3_44 Pin=D?-4
Removed Pin From Net: NetName=NetB3_43 Pin=D?-5
Change Component Designator: OldDesignator=D? NewDesignator=D12
Added Component: Designator=P?(JST-SM06B-SRSS-TB_V)
Add component (AddParameter): Name = "Datasheet URL"; Value = "https://datasheet.ciiva.com/26894/getdatasheetpartid-708885-26894671.pdf"; VariantName = "[No Variations]"
Add component (AddParameter): Name = "Datasheet Version"; Value = "11/2010"; VariantName = "[No Variations]"
Add component (AddParameter): Name = "Manufacturer"; Value = "JST"; VariantName = "[No Variations]"
Add component (AddParameter): Name = "Manufacturer URL"; Value = "http://www.jst.com/home2.html"; VariantName = "[No Variations]"
Add component (AddParameter): Name = "Mounting Technology"; Value = "SurfaceMount"; VariantName = "[No Variations]"
Add component (AddParameter): Name = "No of Positions"; Value = "6"; VariantName = "[No Variations]"
Add component (AddParameter): Name = "Package Description"; Value = "Male Header, Pitch 1 mm, 1 X 6 Position, Height 2.9 mm"; VariantName = "[No Variations]"
Add component (AddParameter): Name = "Package Reference"; Value = "SM06B-SRSS-TB"; VariantName = "[No Variations]"
Add component (AddParameter): Name = "Pitch"; Value = "1mm"; VariantName = "[No Variations]"
Add component (AddParameter): Name = "Style/Orientation"; Value = "RightAngleHeader/Plug"; VariantName = "[No Variations]"
Add component (AddParameter): Name = "Termination"; Value = "Solder"; VariantName = "[No Variations]"
Add component (AddParameter): Name = "Type"; Value = "ShroudedHeader"; VariantName = "[No Variations]"
Added Pin To Net: NetName=NetB3_44 Pin=D12-1
Added Pin To Net: NetName=NetB3_43 Pin=D12-3
Added Pin To Net: NetName=NetB3_41 Pin=D12-4
Added Pin To Net: NetName=NetB3_42 Pin=D12-5
Added Pin To Net: NetName=NetB3_44 Pin=P?-1
Added Pin To Net: NetName=NetB3_43 Pin=P?-2
Added Pin To Net: NetName=NetB3_42 Pin=P?-3
Added Pin To Net: NetName=NetB3_41 Pin=P?-4
Added Pin To Net: NetName=GND Pin=P?-6
Change Net Name : Old Net Name=DTR New Net Name=ESP_DTR
Change Net Name : Old Net Name=RTS New Net Name=ESP_RTS
Added Member To Class: ClassName=U_Connectors Member=Component P? SM06B-SRSS-TB(LF)(SN)
