Removed Pin From Net: NetName=NetD1_2 Pin=Q1-1
Removed Pin From Net: NetName=NetD1_2 Pin=Q1-2
Removed Pin From Net: NetName=NetD1_2 Pin=Q1-3
Removed Pin From Net: NetName=MOSFET_Gate Pin=Q1-4
Removed Pin From Net: NetName=VIN_Battery Pin=Q1-5
Removed Pin From Net: NetName=VIN_Battery Pin=Q1-6
Removed Pin From Net: NetName=VIN_Battery Pin=Q1-7
Removed Pin From Net: NetName=VIN_Battery Pin=Q1-8
Removed Pin From Net: NetName=NetC6_2 Pin=Q2-1
Removed Pin From Net: NetName=NetC6_2 Pin=Q2-2
Removed Pin From Net: NetName=NetC6_2 Pin=Q2-3
Removed Pin From Net: NetName=MOSFET_Gate Pin=Q2-4
Removed Pin From Net: NetName=VIN_Programer Pin=Q2-5
Removed Pin From Net: NetName=VIN_Programer Pin=Q2-6
Removed Pin From Net: NetName=VIN_Programer Pin=Q2-7
Removed Pin From Net: NetName=VIN_Programer Pin=Q2-8
Removed Member From Class: ClassName=U_Power Member=Q1
Removed Member From Class: ClassName=U_Power Member=Q2
Change Component Designator: OldDesignator=J? NewDesignator=J2
Added Component: Designator=U3(SOIC127P600X170-8N)
Add component (AddParameter): Name = "Arrow Part Number"; Value = "DMP3056LSS-13"; VariantName = "[No Variations]"
Add component (AddParameter): Name = "Arrow Price/Stock"; Value = "https://www.arrow.com/en/products/dmp3056lss-13/diodes-incorporated?region=asia"; VariantName = "[No Variations]"
Add component (AddParameter): Name = "Datasheet Link"; Value = "https://www.diodes.com//assets/Datasheets/ds31421.pdf"; VariantName = "[No Variations]"
Add component (AddParameter): Name = "Geometry.Height"; Value = "1.7mm"; VariantName = "[No Variations]"
Add component (AddParameter): Name = "Manufacturer_Name"; Value = "Diodes Incorporated"; VariantName = "[No Variations]"
Add component (AddParameter): Name = "Manufacturer_Part_Number"; Value = "DMP3056LSS-13"; VariantName = "[No Variations]"
Add component (AddParameter): Name = "Mouser Part Number"; Value = "621-DMP3056LSS-13"; VariantName = "[No Variations]"
Add component (AddParameter): Name = "Mouser Price/Stock"; Value = "https://www.mouser.co.uk/ProductDetail/Diodes-Incorporated/DMP3056LSS-13?qs=oUsD4qhOtFyEnPLZKitYRA%3D%3D"; VariantName = "[No Variations]"
Added Component: Designator=U4(SOIC127P600X170-8N)
Add component (AddParameter): Name = "Arrow Part Number"; Value = "DMP3056LSS-13"; VariantName = "[No Variations]"
Add component (AddParameter): Name = "Arrow Price/Stock"; Value = "https://www.arrow.com/en/products/dmp3056lss-13/diodes-incorporated?region=asia"; VariantName = "[No Variations]"
Add component (AddParameter): Name = "Datasheet Link"; Value = "https://www.diodes.com//assets/Datasheets/ds31421.pdf"; VariantName = "[No Variations]"
Add component (AddParameter): Name = "Geometry.Height"; Value = "1.7mm"; VariantName = "[No Variations]"
Add component (AddParameter): Name = "Manufacturer_Name"; Value = "Diodes Incorporated"; VariantName = "[No Variations]"
Add component (AddParameter): Name = "Manufacturer_Part_Number"; Value = "DMP3056LSS-13"; VariantName = "[No Variations]"
Add component (AddParameter): Name = "Mouser Part Number"; Value = "621-DMP3056LSS-13"; VariantName = "[No Variations]"
Add component (AddParameter): Name = "Mouser Price/Stock"; Value = "https://www.mouser.co.uk/ProductDetail/Diodes-Incorporated/DMP3056LSS-13?qs=oUsD4qhOtFyEnPLZKitYRA%3D%3D"; VariantName = "[No Variations]"
Added Pin To Net: NetName=NetC6_2 Pin=U3-1
Added Pin To Net: NetName=NetC6_2 Pin=U3-2
Added Pin To Net: NetName=NetC6_2 Pin=U3-3
Added Pin To Net: NetName=MOSFET_Gate Pin=U3-4
Added Pin To Net: NetName=VIN_Programer Pin=U3-5
Added Pin To Net: NetName=VIN_Programer Pin=U3-6
Added Pin To Net: NetName=VIN_Programer Pin=U3-7
Added Pin To Net: NetName=VIN_Programer Pin=U3-8
Added Pin To Net: NetName=NetD1_2 Pin=U4-1
Added Pin To Net: NetName=NetD1_2 Pin=U4-2
Added Pin To Net: NetName=NetD1_2 Pin=U4-3
Added Pin To Net: NetName=MOSFET_Gate Pin=U4-4
Added Pin To Net: NetName=VIN_Battery Pin=U4-5
Added Pin To Net: NetName=VIN_Battery Pin=U4-6
Added Pin To Net: NetName=VIN_Battery Pin=U4-7
Added Pin To Net: NetName=VIN_Battery Pin=U4-8
Added Member To Class: ClassName=U_Power Member=Component U3 DMP3056LSS-13
Added Member To Class: ClassName=U_Power Member=Component U4 DMP3056LSS-13
