Replace Symbol from B1 ESP32-WROOM-32E-N8R2 in C:\Users\arekr\OneDrive\Pulpit\Github\Quadcopter_Full_Implementation\Hardware\Electronics\Altium_Quadcopter_Projects\Quadcopter_Main_PCB\UWB_Positioning.SchDoc with ESP32-WROOM-32E-N8R2 from ESP32_WROOM_32E_N8.IntLib
Replace Symbol from C7 Capacitor_MLLC in C:\Users\arekr\OneDrive\Pulpit\Github\Quadcopter_Full_Implementation\Hardware\Electronics\Altium_Quadcopter_Projects\Quadcopter_Main_PCB\UWB_Positioning.SchDoc with Capacitor_MLLC from Capacitors_SMD.IntLib
Replace Symbol from C8 Capacitor_MLLC in C:\Users\arekr\OneDrive\Pulpit\Github\Quadcopter_Full_Implementation\Hardware\Electronics\Altium_Quadcopter_Projects\Quadcopter_Main_PCB\UWB_Positioning.SchDoc with Capacitor_MLLC from Capacitors_SMD.IntLib
Replace Symbol from C9 Capacitor_MLLC in C:\Users\arekr\OneDrive\Pulpit\Github\Quadcopter_Full_Implementation\Hardware\Electronics\Altium_Quadcopter_Projects\Quadcopter_Main_PCB\UWB_Positioning.SchDoc with Capacitor_MLLC from Capacitors_SMD.IntLib
Replace Symbol from C10 Capacitor_MLLC in C:\Users\arekr\OneDrive\Pulpit\Github\Quadcopter_Full_Implementation\Hardware\Electronics\Altium_Quadcopter_Projects\Quadcopter_Main_PCB\UWB_Positioning.SchDoc with Capacitor_MLLC from Capacitors_SMD.IntLib
Replace Symbol from C11 Capacitor_MLLC in C:\Users\arekr\OneDrive\Pulpit\Github\Quadcopter_Full_Implementation\Hardware\Electronics\Altium_Quadcopter_Projects\Quadcopter_Main_PCB\UWB_Positioning.SchDoc with Capacitor_MLLC from Capacitors_SMD.IntLib
Replace Symbol from C12 Capacitor_MLLC in C:\Users\arekr\OneDrive\Pulpit\Github\Quadcopter_Full_Implementation\Hardware\Electronics\Altium_Quadcopter_Projects\Quadcopter_Main_PCB\UWB_Positioning.SchDoc with Capacitor_MLLC from Capacitors_SMD.IntLib
Replace Symbol from C13 Capacitor_MLLC in C:\Users\arekr\OneDrive\Pulpit\Github\Quadcopter_Full_Implementation\Hardware\Electronics\Altium_Quadcopter_Projects\Quadcopter_Main_PCB\UWB_Positioning.SchDoc with Capacitor_MLLC from Capacitors_SMD.IntLib
Replace Symbol from D6 LS_R976 in C:\Users\arekr\OneDrive\Pulpit\Github\Quadcopter_Full_Implementation\Hardware\Electronics\Altium_Quadcopter_Projects\Quadcopter_Main_PCB\UWB_Positioning.SchDoc with LS_R976 from LS_R976.IntLib
Replace Symbol from MD1 f696d20320cfac42d99354fdc9dc59a in C:\Users\arekr\OneDrive\Pulpit\Github\Quadcopter_Full_Implementation\Hardware\Electronics\Altium_Quadcopter_Projects\Quadcopter_Main_PCB\UWB_Positioning.SchDoc with f696d20320cfac42d99354fdc9dc59a from Altium Content Vault
Replace Symbol from Q1 2a1388f82443b098dcd57d24ac7632d in C:\Users\arekr\OneDrive\Pulpit\Github\Quadcopter_Full_Implementation\Hardware\Electronics\Altium_Quadcopter_Projects\Quadcopter_Main_PCB\UWB_Positioning.SchDoc with 2a1388f82443b098dcd57d24ac7632d from Altium Content Vault
Replace Symbol from Q2 2a1388f82443b098dcd57d24ac7632d in C:\Users\arekr\OneDrive\Pulpit\Github\Quadcopter_Full_Implementation\Hardware\Electronics\Altium_Quadcopter_Projects\Quadcopter_Main_PCB\UWB_Positioning.SchDoc with 2a1388f82443b098dcd57d24ac7632d from Altium Content Vault
Replace Symbol from R10 Resistor_SMD in C:\Users\arekr\OneDrive\Pulpit\Github\Quadcopter_Full_Implementation\Hardware\Electronics\Altium_Quadcopter_Projects\Quadcopter_Main_PCB\UWB_Positioning.SchDoc with Resistor_SMD from Resistors_SMD.IntLib
Replace Symbol from R11 Resistor_SMD in C:\Users\arekr\OneDrive\Pulpit\Github\Quadcopter_Full_Implementation\Hardware\Electronics\Altium_Quadcopter_Projects\Quadcopter_Main_PCB\UWB_Positioning.SchDoc with Resistor_SMD from Resistors_SMD.IntLib
Replace Symbol from R12 Resistor_SMD in C:\Users\arekr\OneDrive\Pulpit\Github\Quadcopter_Full_Implementation\Hardware\Electronics\Altium_Quadcopter_Projects\Quadcopter_Main_PCB\UWB_Positioning.SchDoc with Resistor_SMD from Resistors_SMD.IntLib
Replace Symbol from R13 Resistor_SMD in C:\Users\arekr\OneDrive\Pulpit\Github\Quadcopter_Full_Implementation\Hardware\Electronics\Altium_Quadcopter_Projects\Quadcopter_Main_PCB\UWB_Positioning.SchDoc with Resistor_SMD from Resistors_SMD.IntLib
Replace Symbol from R14 Resistor_SMD in C:\Users\arekr\OneDrive\Pulpit\Github\Quadcopter_Full_Implementation\Hardware\Electronics\Altium_Quadcopter_Projects\Quadcopter_Main_PCB\UWB_Positioning.SchDoc with Resistor_SMD from Resistors_SMD.IntLib
Replace Symbol from R15 Resistor_SMD in C:\Users\arekr\OneDrive\Pulpit\Github\Quadcopter_Full_Implementation\Hardware\Electronics\Altium_Quadcopter_Projects\Quadcopter_Main_PCB\UWB_Positioning.SchDoc with Resistor_SMD from Resistors_SMD.IntLib
Replace Symbol from R16 Resistor_SMD in C:\Users\arekr\OneDrive\Pulpit\Github\Quadcopter_Full_Implementation\Hardware\Electronics\Altium_Quadcopter_Projects\Quadcopter_Main_PCB\UWB_Positioning.SchDoc with Resistor_SMD from Resistors_SMD.IntLib
Replace Symbol from R17 Resistor_SMD in C:\Users\arekr\OneDrive\Pulpit\Github\Quadcopter_Full_Implementation\Hardware\Electronics\Altium_Quadcopter_Projects\Quadcopter_Main_PCB\UWB_Positioning.SchDoc with Resistor_SMD from Resistors_SMD.IntLib
Replace Symbol from R18 Resistor_SMD in C:\Users\arekr\OneDrive\Pulpit\Github\Quadcopter_Full_Implementation\Hardware\Electronics\Altium_Quadcopter_Projects\Quadcopter_Main_PCB\UWB_Positioning.SchDoc with Resistor_SMD from Resistors_SMD.IntLib
Replace Symbol from R19 Resistor_SMD in C:\Users\arekr\OneDrive\Pulpit\Github\Quadcopter_Full_Implementation\Hardware\Electronics\Altium_Quadcopter_Projects\Quadcopter_Main_PCB\UWB_Positioning.SchDoc with Resistor_SMD from Resistors_SMD.IntLib
Replace Symbol from R20 Resistor_SMD in C:\Users\arekr\OneDrive\Pulpit\Github\Quadcopter_Full_Implementation\Hardware\Electronics\Altium_Quadcopter_Projects\Quadcopter_Main_PCB\UWB_Positioning.SchDoc with Resistor_SMD from Resistors_SMD.IntLib
Replace Symbol from R21 Resistor_SMD in C:\Users\arekr\OneDrive\Pulpit\Github\Quadcopter_Full_Implementation\Hardware\Electronics\Altium_Quadcopter_Projects\Quadcopter_Main_PCB\UWB_Positioning.SchDoc with Resistor_SMD from Resistors_SMD.IntLib
Replace Symbol from R22 Resistor_SMD in C:\Users\arekr\OneDrive\Pulpit\Github\Quadcopter_Full_Implementation\Hardware\Electronics\Altium_Quadcopter_Projects\Quadcopter_Main_PCB\UWB_Positioning.SchDoc with Resistor_SMD from Resistors_SMD.IntLib
Replace Symbol from R23 Resistor_SMD in C:\Users\arekr\OneDrive\Pulpit\Github\Quadcopter_Full_Implementation\Hardware\Electronics\Altium_Quadcopter_Projects\Quadcopter_Main_PCB\UWB_Positioning.SchDoc with Resistor_SMD from Resistors_SMD.IntLib
Replace Symbol from X1 USLPT2616CT2TR in C:\Users\arekr\OneDrive\Pulpit\Github\Quadcopter_Full_Implementation\Hardware\Electronics\Altium_Quadcopter_Projects\Quadcopter_Main_PCB\UWB_Positioning.SchDoc with USLPT2616CT2TR from USLPT2616CT2TR.IntLib
Replace Symbol from X2 USLPT2616CT2TR in C:\Users\arekr\OneDrive\Pulpit\Github\Quadcopter_Full_Implementation\Hardware\Electronics\Altium_Quadcopter_Projects\Quadcopter_Main_PCB\UWB_Positioning.SchDoc with USLPT2616CT2TR from USLPT2616CT2TR.IntLib
Replace Symbol from X3 USLPT2616CT2TR in C:\Users\arekr\OneDrive\Pulpit\Github\Quadcopter_Full_Implementation\Hardware\Electronics\Altium_Quadcopter_Projects\Quadcopter_Main_PCB\UWB_Positioning.SchDoc with USLPT2616CT2TR from USLPT2616CT2TR.IntLib
